[0m08:31:23.600331 [debug] [MainThread]: Sending event: {'category': 'dbt', 'action': 'invocation', 'label': 'start', 'context': [<snowplow_tracker.self_describing_json.SelfDescribingJson object at 0x000001F3DB0691F0>, <snowplow_tracker.self_describing_json.SelfDescribingJson object at 0x000001F3E01F6870>, <snowplow_tracker.self_describing_json.SelfDescribingJson object at 0x000001F3E05C37A0>]}


============================== 08:31:23.600331 | 89826050-170b-4f68-93c7-4cac2d642e43 ==============================
[0m08:31:23.600331 [info ] [MainThread]: Running with dbt=1.11.10
[0m08:31:23.600331 [debug] [MainThread]: running dbt with arguments {'static_parser': 'True', 'no_print': 'None', 'version_check': 'True', 'warn_error_options': 'WarnErrorOptionsV2(error=[], warn=[], silence=[])', 'target_path': 'None', 'printer_width': '80', 'write_json': 'True', 'empty': 'None', 'log_cache_events': 'False', 'introspect': 'True', 'cache_selected_only': 'False', 'log_format': 'default', 'debug': 'False', 'fail_fast': 'False', 'partial_parse': 'True', 'send_anonymous_usage_stats': 'True', 'quiet': 'False', 'warn_error': 'None', 'profiles_dir': 'C:\\Users\\sammy\\.dbt', 'invocation_command': 'dbt init ecomm_dbt', 'use_colors': 'True', 'indirect_selection': 'eager', 'use_experimental_parser': 'False', 'log_path': 'logs'}
[0m08:31:23.826922 [info ] [MainThread]: Creating dbt configuration folder at C:\Users\sammy\.dbt
[0m08:31:23.832673 [debug] [MainThread]: Starter project path: C:\Users\sammy\Desktop\Projects\ecomm-analytics\.venv\Lib\site-packages\dbt\include\starter_project
[0m08:31:23.866704 [info ] [MainThread]: 
Your new dbt project "ecomm_dbt" was created!

For more information on how to configure the profiles.yml file,
please consult the dbt documentation here:

  https://docs.getdbt.com/docs/configure-your-profile

One more thing:

Need help? Don't hesitate to reach out to us via GitHub issues or on Slack:

  https://community.getdbt.com/

Happy modeling!

[0m08:31:23.867880 [info ] [MainThread]: Setting up your profile.
[0m08:31:38.046688 [debug] [MainThread]: Redshift adapter: Setting redshift_connector to ERROR
[0m08:31:38.046688 [debug] [MainThread]: Redshift adapter: Setting redshift_connector.core to ERROR
[0m08:35:43.993468 [info ] [MainThread]: Profile ecomm_dbt written to C:\Users\sammy\.dbt\profiles.yml using target's profile_template.yml and your supplied values. Run 'dbt debug' to validate the connection.
[0m08:35:43.993468 [debug] [MainThread]: Command `dbt init` succeeded at 08:35:43.993468 after 260.50 seconds
[0m08:35:43.993468 [debug] [MainThread]: Sending event: {'category': 'dbt', 'action': 'invocation', 'label': 'end', 'context': [<snowplow_tracker.self_describing_json.SelfDescribingJson object at 0x000001F3E01F6870>, <snowplow_tracker.self_describing_json.SelfDescribingJson object at 0x000001F3E0C465D0>, <snowplow_tracker.self_describing_json.SelfDescribingJson object at 0x000001F3E10B0A10>]}
[0m08:35:43.993468 [debug] [MainThread]: Flushing usage events
[0m08:35:45.286932 [debug] [MainThread]: An error was encountered while trying to flush usage events
